   Compiling proc-macro2 v1.0.103
   Compiling quote v1.0.42
   Compiling unicode-ident v1.0.22
   Compiling serde_core v1.0.228
   Compiling crossbeam-utils v0.8.21
   Compiling zerocopy v0.8.31
   Compiling serde v1.0.228
   Compiling autocfg v1.5.0
   Compiling libc v0.2.178
   Compiling rayon-core v1.13.0
   Compiling cfg-if v1.0.4
   Compiling either v1.15.0
   Compiling serde_json v1.0.145
   Compiling clap_lex v0.7.6
   Compiling memchr v2.7.6
   Compiling num-traits v0.2.19
   Compiling regex-syntax v0.8.8
   Compiling anstyle v1.0.13
   Compiling itoa v1.0.15
   Compiling plotters-backend v0.3.7
   Compiling ciborium-io v0.2.2
   Compiling ryu v1.0.20
   Compiling plotters-svg v0.3.7
   Compiling clap_builder v4.5.53
   Compiling regex-automata v0.4.13
   Compiling itertools v0.10.5
   Compiling cast v0.3.0
   Compiling same-file v1.0.6
   Compiling walkdir v2.5.0
   Compiling criterion-plot v0.5.0
   Compiling once_cell v1.21.3
   Compiling regex v1.12.2
   Compiling clap v4.5.53
   Compiling anes v0.1.6
   Compiling broken-app v0.1.0 (/Users/laztrex/RustProjects/broken-app)
   Compiling crossbeam-epoch v0.9.18
   Compiling crossbeam-deque v0.8.6
   Compiling oorandom v11.1.5
   Compiling rayon v1.11.0
   Compiling syn v2.0.111
   Compiling is-terminal v0.4.17
   Compiling zerocopy-derive v0.8.31
   Compiling serde_derive v1.0.228
   Compiling plotters v0.3.7
   Compiling tinytemplate v1.2.1
   Compiling half v2.7.1
   Compiling ciborium-ll v0.2.2
   Compiling ciborium v0.2.2
   Compiling criterion v0.5.1
warning: unused import: `Duration`
 --> benches/baseline.rs:2:17
  |
2 | use std::time::{Duration, Instant};
  |                 ^^^^^^^^
  |
  = note: `#[warn(unused_imports)]` (part of `#[warn(unused)]`) on by default

warning: `broken-app` (bench "baseline") generated 1 warning (run `cargo fix --bench "baseline" -p broken-app` to apply 1 suggestion)
    Finished `bench` profile [optimized] target(s) in 6.86s
     Running benches/baseline.rs (target/release/deps/baseline-230b862a6580b00c)
sum_even: 14.417µs
slow_fib: 9.09325ms
slow_dedup: 4.080834ms
sum_even: 14.333µs
slow_fib: 7.029ms
slow_dedup: 3.102625ms
sum_even: 10.625µs
slow_fib: 5.849916ms
slow_dedup: 2.799292ms
