sum_even: 120µs
slow_fib: 125ns
slow_dedup: 1.31275ms
sum_even: 106.417µs
slow_fib: 125ns
slow_dedup: 1.085125ms
sum_even: 106.417µs
slow_fib: 84ns
slow_dedup: 1.087291ms
sum_even: 154.167µs
slow_fib: 166ns
slow_dedup: 1.273667ms
sum_even: 121.375µs
slow_fib: 84ns
slow_dedup: 1.115042ms
sum_even: 109.459µs
slow_fib: 125ns
slow_dedup: 1.026ms
sum_even: 95.625µs
slow_fib: 42ns
slow_dedup: 983.875µs
sum_even: 98.417µs
slow_fib: 41ns
slow_dedup: 1.02825ms
sum_even: 96.417µs
slow_fib: 84ns
slow_dedup: 969.792µs
sum_even: 95.625µs
slow_fib: 83ns
slow_dedup: 961.959µs
