warning: unused import: `Duration`
 --> benches/baseline.rs:2:17
  |
2 | use std::time::{Duration, Instant};
  |                 ^^^^^^^^
  |
  = note: `#[warn(unused_imports)]` (part of `#[warn(unused)]`) on by default

warning: `broken-app` (bench "baseline") generated 1 warning (run `cargo fix --bench "baseline" -p broken-app` to apply 1 suggestion)
    Finished `bench` profile [optimized] target(s) in 0.05s
     Running benches/baseline.rs (target/release/deps/baseline-230b862a6580b00c)
sum_even: 56.708µs
slow_fib: 18.176333ms
slow_dedup: 170.763791ms
sum_even: 62.666µs
slow_fib: 16.897166ms
slow_dedup: 173.642834ms
sum_even: 59.833µs
slow_fib: 16.069375ms
slow_dedup: 171.711583ms
sum_even: 124.458µs
slow_fib: 17.30275ms
slow_dedup: 169.288542ms
sum_even: 56.875µs
slow_fib: 16.896ms
slow_dedup: 173.357667ms
sum_even: 58.125µs
slow_fib: 16.548667ms
slow_dedup: 173.416125ms
sum_even: 79.334µs
slow_fib: 18.501417ms
slow_dedup: 172.8895ms
sum_even: 70.791µs
slow_fib: 17.764292ms
slow_dedup: 189.559583ms
sum_even: 60.375µs
slow_fib: 17.031ms
slow_dedup: 169.784708ms
sum_even: 61.792µs
slow_fib: 17.464041ms
slow_dedup: 170.768833ms
