   Compiling broken-app v0.1.0 (/Users/laztrex/RustProjects/broken-app)
    Finished `bench` profile [optimized] target(s) in 0.80s
     Running benches/criterion.rs (target/release/deps/criterion-4d8290b89f292bef)
Gnuplot not found, using plotters backend
Benchmarking sum_even_broken
Benchmarking sum_even_broken: Warming up for 3.0000 s
Benchmarking sum_even_broken: Collecting 100 samples in estimated 5.0242 s (864k iterations)
Benchmarking sum_even_broken: Analyzing
sum_even_broken         time:   [5.8585 µs 5.8865 µs 5.9160 µs]
Found 3 outliers among 100 measurements (3.00%)
  1 (1.00%) low mild
  1 (1.00%) high mild
  1 (1.00%) high severe

Benchmarking slow_fib_broken
Benchmarking slow_fib_broken: Warming up for 3.0000 s
Benchmarking slow_fib_broken: Collecting 100 samples in estimated 5.1067 s (1500 iterations)
Benchmarking slow_fib_broken: Analyzing
slow_fib_broken         time:   [3.4750 ms 3.5435 ms 3.6193 ms]
Found 19 outliers among 100 measurements (19.00%)
  1 (1.00%) high mild
  18 (18.00%) high severe

Benchmarking slow_dedup_broken
Benchmarking slow_dedup_broken: Warming up for 3.0000 s

Warning: Unable to complete 100 samples in 5.0s. You may wish to increase target time to 9.0s, enable flat sampling, or reduce sample count to 50.
Benchmarking slow_dedup_broken: Collecting 100 samples in estimated 8.9757 s (5050 iterations)
Benchmarking slow_dedup_broken: Analyzing
slow_dedup_broken       time:   [1.7709 ms 1.7734 ms 1.7760 ms]
Found 5 outliers among 100 measurements (5.00%)
  5 (5.00%) low mild

