    Finished `bench` profile [optimized] target(s) in 0.02s
     Running benches/criterion.rs (target/release/deps/criterion-4d8290b89f292bef)
Gnuplot not found, using plotters backend
Benchmarking sum_even_broken
Benchmarking sum_even_broken: Warming up for 3.0000 s
Benchmarking sum_even_broken: Collecting 100 samples in estimated 5.0021 s (869k iterations)
Benchmarking sum_even_broken: Analyzing
sum_even_broken         time:   [5.8423 µs 5.8632 µs 5.8905 µs]
                        change: [-0.7322% -0.1980% +0.4411%] (p = 0.54 > 0.05)
                        No change in performance detected.
Found 6 outliers among 100 measurements (6.00%)
  2 (2.00%) low mild
  3 (3.00%) high mild
  1 (1.00%) high severe

Benchmarking slow_fib_broken
Benchmarking slow_fib_broken: Warming up for 3.0000 s
Benchmarking slow_fib_broken: Collecting 100 samples in estimated 5.0415 s (1500 iterations)
Benchmarking slow_fib_broken: Analyzing
slow_fib_broken         time:   [3.3497 ms 3.3722 ms 3.4011 ms]
                        change: [-6.8932% -4.8340% -2.8241%] (p = 0.00 < 0.05)
                        Performance has improved.
Found 6 outliers among 100 measurements (6.00%)
  2 (2.00%) high mild
  4 (4.00%) high severe

Benchmarking slow_dedup_broken
Benchmarking slow_dedup_broken: Warming up for 3.0000 s

Warning: Unable to complete 100 samples in 5.0s. You may wish to increase target time to 8.9s, enable flat sampling, or reduce sample count to 50.
Benchmarking slow_dedup_broken: Collecting 100 samples in estimated 8.9129 s (5050 iterations)
Benchmarking slow_dedup_broken: Analyzing
slow_dedup_broken       time:   [1.7610 ms 1.7656 ms 1.7712 ms]
                        change: [-1.0555% -0.7092% -0.3046%] (p = 0.00 < 0.05)
                        Change within noise threshold.
Found 9 outliers among 100 measurements (9.00%)
  6 (6.00%) low mild
  1 (1.00%) high mild
  2 (2.00%) high severe

