    Finished `test` profile [unoptimized + debuginfo] target(s) in 0.02s
     Running unittests src/lib.rs (target/miri/aarch64-apple-darwin/debug/deps/broken_app-e10162cf25aedf7d)

running 0 tests

test result: ok. 0 passed; 0 failed; 0 ignored; 0 measured; 0 filtered out; finished in 0.03s

     Running unittests src/bin/demo.rs (target/miri/aarch64-apple-darwin/debug/deps/demo-906b7318bdaac525)
warning: unused import: `average_positive`
 --> src/bin/demo.rs:1:58
  |
1 | use broken_app::{algo, leak_buffer, normalize, sum_even, average_positive, concurrency};
  |                                                          ^^^^^^^^^^^^^^^^
  |
  = note: `#[warn(unused_imports)]` (part of `#[warn(unused)]`) on by default


running 0 tests

test result: ok. 0 passed; 0 failed; 0 ignored; 0 measured; 0 filtered out; finished in 0.03s

     Running tests/integration.rs (target/miri/aarch64-apple-darwin/debug/deps/integration-fabec562e7e72c6a)

running 7 tests
test averages_only_positive ... ok
test counts_non_zero_bytes ... ok
test dedup_preserves_uniques ... ok
test fib_small_numbers ... ok
test normalize_simple ... ok
test race_increment_is_correct ... ok
test sums_even_numbers ... ok

test result: ok. 7 passed; 0 failed; 0 ignored; 0 measured; 0 filtered out; finished in 1.69s

   Doc-tests broken_app

running 0 tests

test result: ok. 0 passed; 0 failed; 0 ignored; 0 measured; 0 filtered out; finished in 0.00s

